// Jest Snapshot v1, https://goo.gl/fbAQLP

exports[`Favorites Screen renders correctly when favourites is empty 1`] = `
<RCTScrollView
  contentContainerStyle={
    [
      {
        "justifyContent": "center",
      },
      {
        "backgroundColor": "#ffffff",
        "flexDirection": "row",
        "flexWrap": "wrap",
        "height": "100%",
        "justifyContent": "space-between",
        "padding": 10,
        "width": "100%",
      },
    ]
  }
  style={
    {
      "backgroundColor": "#ffffff",
    }
  }
>
  <View>
    <View
      style={
        {
          "alignItems": "center",
          "flex": 1,
          "gap": 10,
          "justifyContent": "center",
        }
      }
    >
      <Image
        source={
          {
            "testUri": "../../../assets/empty-favorites.jpg",
          }
        }
        style={
          {
            "height": 150,
            "marginBottom": 10,
            "width": 200,
          }
        }
      />
      <Text
        style={
          {
            "color": "#000000",
            "fontSize": 18,
            "fontWeight": "700",
            "marginBottom": 0,
          }
        }
      >
        You haven't liked any movie yet
      </Text>
      <Text
        style={
          {
            "color": "#757575",
            "fontSize": 14,
            "marginBottom": 14,
            "marginTop": 0,
          }
        }
      >
        Why not try to find a movie you like?
      </Text>
      <View
        accessibilityState={
          {
            "busy": undefined,
            "checked": undefined,
            "disabled": undefined,
            "expanded": undefined,
            "selected": undefined,
          }
        }
        accessibilityValue={
          {
            "max": undefined,
            "min": undefined,
            "now": undefined,
            "text": undefined,
          }
        }
        accessible={true}
        collapsable={false}
        focusable={true}
        onClick={[Function]}
        onResponderGrant={[Function]}
        onResponderMove={[Function]}
        onResponderRelease={[Function]}
        onResponderTerminate={[Function]}
        onResponderTerminationRequest={[Function]}
        onStartShouldSetResponder={[Function]}
        style={
          {
            "backgroundColor": "#000000",
            "borderRadius": 16,
            "opacity": 1,
            "paddingHorizontal": 30,
            "paddingVertical": 16,
          }
        }
      >
        <Text
          style={
            {
              "color": "#ffffff",
              "fontSize": 14,
              "fontWeight": "700",
            }
          }
        >
          Go to Discover
        </Text>
      </View>
    </View>
  </View>
</RCTScrollView>
`;

exports[`Favorites Screen renders correctly when favourites is not empty 1`] = `
<RCTScrollView
  contentContainerStyle={
    [
      false,
      {
        "backgroundColor": "#ffffff",
        "flexDirection": "row",
        "flexWrap": "wrap",
        "height": "100%",
        "justifyContent": "space-between",
        "padding": 10,
        "width": "100%",
      },
    ]
  }
  style={
    {
      "backgroundColor": "#ffffff",
    }
  }
>
  <View>
    <View
      style={
        {
          "position": "relative",
          "width": "48%",
        }
      }
    >
      <View
        accessibilityLabel="Remove Favorite Button"
        accessibilityState={
          {
            "busy": undefined,
            "checked": undefined,
            "disabled": undefined,
            "expanded": undefined,
            "selected": undefined,
          }
        }
        accessibilityValue={
          {
            "max": undefined,
            "min": undefined,
            "now": undefined,
            "text": undefined,
          }
        }
        accessible={true}
        collapsable={false}
        focusable={true}
        onClick={[Function]}
        onResponderGrant={[Function]}
        onResponderMove={[Function]}
        onResponderRelease={[Function]}
        onResponderTerminate={[Function]}
        onResponderTerminationRequest={[Function]}
        onStartShouldSetResponder={[Function]}
        style={
          {
            "backgroundColor": "#ffffff",
            "borderRadius": 25,
            "opacity": 1,
            "padding": 15,
            "position": "absolute",
            "right": 5,
            "top": 5,
            "zIndex": 2,
          }
        }
      >
        <Text
          allowFontScaling={false}
          selectable={false}
          style={
            [
              {
                "color": "#0d9488",
                "fontSize": 24,
              },
              {
                "bottom": 0,
                "left": 3,
                "position": "absolute",
                "right": 0,
                "top": 2,
              },
              {
                "fontFamily": "Ionicons",
                "fontStyle": "normal",
                "fontWeight": "normal",
              },
              {},
            ]
          }
        >
          ïŒ®
        </Text>
      </View>
      <View
        accessibilityIgnoresInvertColors={true}
        style={
          {
            "aspectRatio": 0.7142857142857143,
            "backgroundColor": "transparent",
            "borderRadius": 12,
            "overflow": "hidden",
            "position": "relative",
            "width": "100%",
          }
        }
      >
        <Image
          onLoad={[Function]}
          source={
            {
              "uri": "undefinedundefined/posterPath1.jpg",
            }
          }
          style={
            {
              "bottom": 0,
              "left": 0,
              "position": "absolute",
              "right": 0,
              "top": 0,
            }
          }
          testID="RNE__Image"
          theme={
            {
              "colors": {
                "background": "#ffffff",
                "black": "#242424",
                "disabled": "hsl(208, 8%, 90%)",
                "divider": "#bcbbc1",
                "error": "#ff190c",
                "grey0": "#393e42",
                "grey1": "#43484d",
                "grey2": "#5e6977",
                "grey3": "#86939e",
                "grey4": "#bdc6cf",
                "grey5": "#e1e8ee",
                "greyOutline": "#bbb",
                "platform": {
                  "android": {
                    "error": "#f44336",
                    "grey": "rgba(0, 0, 0, 0.54)",
                    "primary": "#2196f3",
                    "searchBg": "#dcdce1",
                    "secondary": "#9C27B0",
                    "success": "#4caf50",
                    "warning": "#ffeb3b",
                  },
                  "default": {
                    "error": "#ff3b30",
                    "grey": "#7d7d7d",
                    "primary": "#007aff",
                    "searchBg": "#dcdce1",
                    "secondary": "#5856d6",
                    "success": "#4cd964",
                    "warning": "#ffcc00",
                  },
                  "ios": {
                    "error": "#ff3b30",
                    "grey": "#7d7d7d",
                    "primary": "#007aff",
                    "searchBg": "#dcdce1",
                    "secondary": "#5856d6",
                    "success": "#4cd964",
                    "warning": "#ffcc00",
                  },
                  "web": {
                    "error": "#ff190c",
                    "grey": "#393e42",
                    "primary": "#2089dc",
                    "searchBg": "#303337",
                    "secondary": "#ca71eb",
                    "success": "#52c41a",
                    "warning": "#faad14",
                  },
                },
                "primary": "#2089dc",
                "searchBg": "#303337",
                "secondary": "#ad1457",
                "success": "#52c41a",
                "warning": "#faad14",
                "white": "#ffffff",
              },
              "spacing": {
                "lg": 12,
                "md": 8,
                "sm": 4,
                "xl": 24,
                "xs": 2,
              },
            }
          }
          transitionDuration={360}
        />
        <View
          accessibilityElementsHidden={true}
          collapsable={false}
          importantForAccessibility="no-hide-descendants"
          pointerEvents="none"
          style={
            {
              "bottom": 0,
              "left": 0,
              "opacity": 1,
              "position": "absolute",
              "right": 0,
              "top": 0,
            }
          }
        >
          <View
            style={
              {
                "alignItems": "center",
                "backgroundColor": "#bdbdbd",
                "justifyContent": "center",
              }
            }
            testID="RNE__Image__placeholder"
          >
            <View
              accessibilityLabel="loading..."
              accessibilityRole="none"
              accessible={false}
              onLayout={[Function]}
              style={
                [
                  {
                    "borderRadius": 2,
                    "overflow": "hidden",
                  },
                  {
                    "backgroundColor": "#bdc6cf",
                    "height": 12,
                    "width": "100%",
                  },
                  undefined,
                  {
                    "height": "100%",
                    "width": "100%",
                  },
                ]
              }
              testID="RNE__Skeleton"
            >
              <View
                collapsable={false}
                style={
                  {
                    "backgroundColor": "rgb(166, 178, 190)",
                    "height": "100%",
                    "transform": [
                      {
                        "translateX": -0,
                      },
                    ],
                  }
                }
              />
            </View>
          </View>
        </View>
        <View
          style={{}}
          testID="RNE__Image__children__container"
        />
      </View>
      <Text
        style={
          {
            "color": "#000000",
            "fontSize": 16,
            "fontWeight": "700",
            "marginBottom": 8,
          }
        }
      >
        Mock Movie
      </Text>
    </View>
    <View
      style={
        {
          "position": "relative",
          "width": "48%",
        }
      }
    >
      <View
        accessibilityLabel="Remove Favorite Button"
        accessibilityState={
          {
            "busy": undefined,
            "checked": undefined,
            "disabled": undefined,
            "expanded": undefined,
            "selected": undefined,
          }
        }
        accessibilityValue={
          {
            "max": undefined,
            "min": undefined,
            "now": undefined,
            "text": undefined,
          }
        }
        accessible={true}
        collapsable={false}
        focusable={true}
        onClick={[Function]}
        onResponderGrant={[Function]}
        onResponderMove={[Function]}
        onResponderRelease={[Function]}
        onResponderTerminate={[Function]}
        onResponderTerminationRequest={[Function]}
        onStartShouldSetResponder={[Function]}
        style={
          {
            "backgroundColor": "#ffffff",
            "borderRadius": 25,
            "opacity": 1,
            "padding": 15,
            "position": "absolute",
            "right": 5,
            "top": 5,
            "zIndex": 2,
          }
        }
      >
        <Text
          allowFontScaling={false}
          selectable={false}
          style={
            [
              {
                "color": "#0d9488",
                "fontSize": 24,
              },
              {
                "bottom": 0,
                "left": 3,
                "position": "absolute",
                "right": 0,
                "top": 2,
              },
              {
                "fontFamily": "Ionicons",
                "fontStyle": "normal",
                "fontWeight": "normal",
              },
              {},
            ]
          }
        >
          ïŒ®
        </Text>
      </View>
      <View
        accessibilityIgnoresInvertColors={true}
        style={
          {
            "aspectRatio": 0.7142857142857143,
            "backgroundColor": "transparent",
            "borderRadius": 12,
            "overflow": "hidden",
            "position": "relative",
            "width": "100%",
          }
        }
      >
        <Image
          onLoad={[Function]}
          source={
            {
              "uri": "undefinedundefined/posterPath2.jpg",
            }
          }
          style={
            {
              "bottom": 0,
              "left": 0,
              "position": "absolute",
              "right": 0,
              "top": 0,
            }
          }
          testID="RNE__Image"
          theme={
            {
              "colors": {
                "background": "#ffffff",
                "black": "#242424",
                "disabled": "hsl(208, 8%, 90%)",
                "divider": "#bcbbc1",
                "error": "#ff190c",
                "grey0": "#393e42",
                "grey1": "#43484d",
                "grey2": "#5e6977",
                "grey3": "#86939e",
                "grey4": "#bdc6cf",
                "grey5": "#e1e8ee",
                "greyOutline": "#bbb",
                "platform": {
                  "android": {
                    "error": "#f44336",
                    "grey": "rgba(0, 0, 0, 0.54)",
                    "primary": "#2196f3",
                    "searchBg": "#dcdce1",
                    "secondary": "#9C27B0",
                    "success": "#4caf50",
                    "warning": "#ffeb3b",
                  },
                  "default": {
                    "error": "#ff3b30",
                    "grey": "#7d7d7d",
                    "primary": "#007aff",
                    "searchBg": "#dcdce1",
                    "secondary": "#5856d6",
                    "success": "#4cd964",
                    "warning": "#ffcc00",
                  },
                  "ios": {
                    "error": "#ff3b30",
                    "grey": "#7d7d7d",
                    "primary": "#007aff",
                    "searchBg": "#dcdce1",
                    "secondary": "#5856d6",
                    "success": "#4cd964",
                    "warning": "#ffcc00",
                  },
                  "web": {
                    "error": "#ff190c",
                    "grey": "#393e42",
                    "primary": "#2089dc",
                    "searchBg": "#303337",
                    "secondary": "#ca71eb",
                    "success": "#52c41a",
                    "warning": "#faad14",
                  },
                },
                "primary": "#2089dc",
                "searchBg": "#303337",
                "secondary": "#ad1457",
                "success": "#52c41a",
                "warning": "#faad14",
                "white": "#ffffff",
              },
              "spacing": {
                "lg": 12,
                "md": 8,
                "sm": 4,
                "xl": 24,
                "xs": 2,
              },
            }
          }
          transitionDuration={360}
        />
        <View
          accessibilityElementsHidden={true}
          collapsable={false}
          importantForAccessibility="no-hide-descendants"
          pointerEvents="none"
          style={
            {
              "bottom": 0,
              "left": 0,
              "opacity": 1,
              "position": "absolute",
              "right": 0,
              "top": 0,
            }
          }
        >
          <View
            style={
              {
                "alignItems": "center",
                "backgroundColor": "#bdbdbd",
                "justifyContent": "center",
              }
            }
            testID="RNE__Image__placeholder"
          >
            <View
              accessibilityLabel="loading..."
              accessibilityRole="none"
              accessible={false}
              onLayout={[Function]}
              style={
                [
                  {
                    "borderRadius": 2,
                    "overflow": "hidden",
                  },
                  {
                    "backgroundColor": "#bdc6cf",
                    "height": 12,
                    "width": "100%",
                  },
                  undefined,
                  {
                    "height": "100%",
                    "width": "100%",
                  },
                ]
              }
              testID="RNE__Skeleton"
            >
              <View
                collapsable={false}
                style={
                  {
                    "backgroundColor": "rgb(166, 178, 190)",
                    "height": "100%",
                    "transform": [
                      {
                        "translateX": -0,
                      },
                    ],
                  }
                }
              />
            </View>
          </View>
        </View>
        <View
          style={{}}
          testID="RNE__Image__children__container"
        />
      </View>
      <Text
        style={
          {
            "color": "#000000",
            "fontSize": 16,
            "fontWeight": "700",
            "marginBottom": 8,
          }
        }
      >
        Mock Movie
      </Text>
    </View>
  </View>
</RCTScrollView>
`;
